[light2live.github.io/index.html]
[img.itch.zone/aW1nLzY0NTU4NTIucG5n/32x32#/CtgTu.png]
[backblue.gif]
[fade.gif]
[index.html]
[static.itch.io/gamee47b.css]
[static.itch.io/libe47b.js]
[static.itch.io/bundle.mine47b.js]
[static.itch.io/lib/jquery.maskMoney.js]
[static.itch.io/game.mine47b.js]
[www.google-analytics.com/analytics.js]
[img.itch.zone/aW1nLzYxNzc0NDAucG5n/original/17va8I.png]
[img.itch.zone/aW1hZ2UvOTY3MDIzLzU4MDA3MTIucG5n/original/IE0ONn.png]
[img.itch.zone/aW1hZ2UvOTY3MDIzLzU4MDA3MTIucG5n/347x500/5n8x3b.png]
[img.itch.zone/aW1hZ2UvOTY3MDIzLzU4MDA3MTcucG5n/original/KRlk2J.png]
[img.itch.zone/aW1hZ2UvOTY3MDIzLzU4MDA3MTcucG5n/347x500/cgSK1z.png]
[img.itch.zone/aW1hZ2UvOTY3MDIzLzU4MDA3MjAucG5n/original/6ZR3P9.png]
[img.itch.zone/aW1hZ2UvOTY3MDIzLzU4MDA3MjAucG5n/347x500/uKVs3v.png]
[img.itch.zone/aW1hZ2UvOTY3MDIzLzU4MDA3MjIucG5n/original/o/fCpX.png]
[img.itch.zone/aW1hZ2UvOTY3MDIzLzU4MDA3MjIucG5n/347x500/qvPRsF.png]
[img.itch.zone/aW1hZ2UvOTY3MDIzLzU4MDA3MjQucG5n/original/2Ktf5m.png]
[img.itch.zone/aW1hZ2UvOTY3MDIzLzU4MDA3MjQucG5n/347x500/DpywC4.png]
[img.itch.zone/aW1hZ2UvOTY3MDIzLzU4MDA3MzcucG5n/original/mKSNF5.png]
[img.itch.zone/aW1hZ2UvOTY3MDIzLzU4MDA3MzcucG5n/347x500/K2prw7.png]
[img.itch.zone/aW1hZ2UvOTY3MDIzLzU4MDA3MjYucG5n/original/Amt5RY.png]
[light2live.github.io/index.html]
[img.itch.zone/aW1hZ2UvOTY3MDIzLzU4MDA3MjYucG5n/347x500/Eb8bFk.png]
[static.itch.io/fonts/lato-v14-latin-regular.woff2]
[static.itch.io/fonts/lato-v14-latin-regular.woff]
[static.itch.io/fonts/lato-v14-latin-italic.woff2]
[static.itch.io/fonts/lato-v14-latin-italic.woff]
[static.itch.io/fonts/lato-v14-latin-700.woff2]
[static.itch.io/fonts/lato-v14-latin-700.woff]
[static.itch.io/fonts/lato-v14-latin-900.woff2]
[static.itch.io/fonts/lato-v14-latin-900.woff]
[static.itch.io/fonts/Lato-Regular.woff2]
[static.itch.io/fonts/Lato-Regular.woff]
[static.itch.io/fonts/Lato-Italic.woff2]
[static.itch.io/fonts/Lato-Italic.woff]
[static.itch.io/fonts/Lato-Bold.woff2]
[static.itch.io/fonts/Lato-Bold.woff]
[static.itch.io/fonts/Lato-Black.woff2]
[static.itch.io/fonts/Lato-Black.woff]
[static.itch.io/images/loader.gif]
[static.itch.io/images/loader-dark.gif]
[static.itch.io/images/loader-huge.gif]
[static.itch.io/images/cc-loader.gif]
[static.itch.io/images/play_icon.svg]
[static.itch.io/images/youtube_icon.svg]
[static.itch.io/images/twitch_logo.svg]
[static.itch.io/images/loading.svg]
[static.itch.io/images/popup-tick-right.png]
[static.itch.io/images/popup-tick-left.png]
[static.itch.io/fonts/04b03.eot]
[static.itch.io/fonts/04b03d41d.eot]
[static.itch.io/fonts/04b03.woff2]
[static.itch.io/fonts/04b03.woff]
[static.itch.io/fonts/04b03.ttf]
[static.itch.io/lib/farbtastic/wheel.png]
[static.itch.io/lib/farbtastic/mask.png]
[static.itch.io/lib/farbtastic/marker.png]
[static.itch.io/images/logo-white-new.svg]
[static.itch.io/images/snowrepeat.svg]
[static.itch.io/images/logo-black-new.svg]
[static.itch.io/images/logo-white-new-halloweenc81e.svg]
[static.itch.io/images/itchio-textless-black.svg]
[static.itch.io/images/itchio-textless-white.svg]
[static.itch.io/images/logo-textless-white-holiday.svg]
[static.itch.io/images/itchio-textless-white-halloweenc81e.svg]
[static.itch.io/icons/fonts/icomoon053c.eot]
[static.itch.io/icons/fonts/icomoon053c.ttf]
[static.itch.io/icons/fonts/icomoon053c.woff]
[static.itch.io/gamee47b.css]
[static.itch.io/libe47b.js]
[static.itch.io/icons/fonts/icomoon053c.svg]
[www.google.com/recaptcha/apie757.js]
[connect.facebook.net/en_GB/sdk.js]
[platform.twitter.com/widgets.js]
[light2live.github.io/ca.48.delayed]
[light2live.github.io/POST]
[static.itch.io/bundle.mine47b.js]
[static.itch.io/lib/jquery.maskMoney.js]
[pagead2.googlesyndication.com/pagead/js/f.txt]
[static.itch.io/game.mine47b.js]
[static.itch.io/images/play_icon.svg]
[static.itch.io/images/youtube_icon.svg]
[static.itch.io/images/twitch_logo.svg]
[static.itch.io/images/loading.svg]
[static.itch.io/images/logo-white-new.svg]
[static.itch.io/home/leafo/snowrepeat.png]
[static.itch.io/images/snowrepeat.svg]
[static.itch.io/images/logo-black-new.svg]
[static.itch.io/images/logo-white-new-halloweenc81e.svg]
[static.itch.io/images/itchio-textless-black.svg]
[static.itch.io/images/itchio-textless-white.svg]
[static.itch.io/images/logo-textless-white-holiday.svg]
[static.itch.io/images/itchio-textless-white-halloweenc81e.svg]
[static.itch.io/icons/fonts/icomoon053c.svg]
[connect.facebook.net/en_GB/sdk.js]
[light2live.github.io/ca.html]
[light2live.github.io/POST.html]
[static.itch.io/home/leafo/snowrepeat.html]
